/srv/skew/economic-machine-commerce-20261002/.venv/lib/python3.12/site-packages/fastapi/testclient.py:1: StarletteDeprecationWarning: Using `httpx` with `starlette.testclient` is deprecated; install `httpx2` instead.
  from starlette.testclient import TestClient as TestClient  # noqa
test_futures_catalogue_has_a_bounded_exception_to_the_small_read_limit (test_engine_execution.TransportTests.test_futures_catalogue_has_a_bounded_exception_to_the_small_read_limit) ... ok
test_only_explicit_rejection_can_release_an_order_reservation (test_engine_execution.TransportTests.test_only_explicit_rejection_can_release_an_order_reservation) ... ok
test_signed_writes_keep_pinned_host_tls_identity_and_query (test_engine_execution.TransportTests.test_signed_writes_keep_pinned_host_tls_identity_and_query) ... ok
test_cancel_timeout_retains_reservation_and_query_is_read_only (test_engine_execution.ExecutionTests.test_cancel_timeout_retains_reservation_and_query_is_read_only) ... ok
test_changed_filters_require_replan (test_engine_execution.ExecutionTests.test_changed_filters_require_replan) ... ok
test_derivatives_reader_preserves_signed_exposure_and_native_pnl (test_engine_execution.ExecutionTests.test_derivatives_reader_preserves_signed_exposure_and_native_pnl) ... ok
test_disconnect_preserves_read_reconciliation (test_engine_execution.ExecutionTests.test_disconnect_preserves_read_reconciliation) ... ok
test_expired_paused_or_disconnected_order_cannot_dispatch (test_engine_execution.ExecutionTests.test_expired_paused_or_disconnected_order_cannot_dispatch) ... ok
test_explicit_rejection_releases_hold_without_fake_fill (test_engine_execution.ExecutionTests.test_explicit_rejection_releases_hold_without_fake_fill) ... ok
test_fresh_account_recheck_blocks_insufficient_balance (test_engine_execution.ExecutionTests.test_fresh_account_recheck_blocks_insufficient_balance) ... ok
test_futures_only_reduce_existing_one_way_position (test_engine_execution.ExecutionTests.test_futures_only_reduce_existing_one_way_position) ... ok
test_live_gate_blocks_before_network_transmission (test_engine_execution.ExecutionTests.test_live_gate_blocks_before_network_transmission) ... ok
test_minimum_tick_step_finite_and_order_size_checks (test_engine_execution.ExecutionTests.test_minimum_tick_step_finite_and_order_size_checks) ... ok
test_mismatched_or_regressing_venue_evidence_keeps_hold (test_engine_execution.ExecutionTests.test_mismatched_or_regressing_venue_evidence_keeps_hold) ... ok
test_one_submission_and_identity_bound_reconciliation (test_engine_execution.ExecutionTests.test_one_submission_and_identity_bound_reconciliation) ... ok
test_owner_approval_binds_exact_plan_hash (test_engine_execution.ExecutionTests.test_owner_approval_binds_exact_plan_hash) ... ok
test_partial_fill_retains_full_hold_until_terminal_evidence (test_engine_execution.ExecutionTests.test_partial_fill_retains_full_hold_until_terminal_evidence) ... ok
test_plan_and_approval_never_send_an_order (test_engine_execution.ExecutionTests.test_plan_and_approval_never_send_an_order) ... ok
test_request_id_reuse_is_exact (test_engine_execution.ExecutionTests.test_request_id_reuse_is_exact) ... ok
test_shared_turnover_budget_and_one_inflight_order_per_account (test_engine_execution.ExecutionTests.test_shared_turnover_budget_and_one_inflight_order_per_account) ... ok
test_timeout_retains_hold_and_recovers_after_restart (test_engine_execution.ExecutionTests.test_timeout_retains_hold_and_recovers_after_restart) ... ok
test_hosted_routes_share_login_and_isolate_workspaces (test_engine_execution.IntegrationTests.test_hosted_routes_share_login_and_isolate_workspaces) ... ok
test_engine_redirects_to_one_console_with_correct_assets (test_engine_portal.EnginePortal.test_engine_redirects_to_one_console_with_correct_assets) ... ok
test_console_routes_use_authenticated_runtime_prefix (test_portal.PortalHTTP.test_console_routes_use_authenticated_runtime_prefix) ... ok

----------------------------------------------------------------------
Ran 24 tests in 1.034s

OK
