Traceback (most recent call last):
  File "/srv/skew/economic-machine-commerce-20261002/build/tasks-pr1/scripts/verify_tasks_browser.py", line 130, in <module>
    if __name__=='__main__':main()
                            ^^^^^^
  File "/srv/skew/economic-machine-commerce-20261002/build/tasks-pr1/scripts/verify_tasks_browser.py", line 99, in main
    if kind=='content_localization':page.locator('#task-source_language').fill('en')
                                    ^^^^^^^^^^^^^^^^^^^^^^^^^^^^^^^^^^^^^^^^^^^^^^^^
  File "/srv/skew/economic-machine-commerce-20261002/tools/browser-qa-venv/lib/python3.12/site-packages/playwright/sync_api/_generated.py", line 15919, in fill
    self._sync(
  File "/srv/skew/economic-machine-commerce-20261002/tools/browser-qa-venv/lib/python3.12/site-packages/playwright/_impl/_sync_base.py", line 115, in _sync
    return task.result()
           ^^^^^^^^^^^^^
  File "/srv/skew/economic-machine-commerce-20261002/tools/browser-qa-venv/lib/python3.12/site-packages/playwright/_impl/_locator.py", line 212, in fill
    return await self._frame.fill(self._selector, strict=True, **params)
           ^^^^^^^^^^^^^^^^^^^^^^^^^^^^^^^^^^^^^^^^^^^^^^^^^^^^^^^^^^^^^
  File "/srv/skew/economic-machine-commerce-20261002/tools/browser-qa-venv/lib/python3.12/site-packages/playwright/_impl/_frame.py", line 590, in fill
    await self._fill(**locals_to_params(locals()))
  File "/srv/skew/economic-machine-commerce-20261002/tools/browser-qa-venv/lib/python3.12/site-packages/playwright/_impl/_frame.py", line 602, in _fill
    await self._channel.send("fill", self._timeout, locals_to_params(locals()))
  File "/srv/skew/economic-machine-commerce-20261002/tools/browser-qa-venv/lib/python3.12/site-packages/playwright/_impl/_connection.py", line 69, in send
    return await self._connection.wrap_api_call(
           ^^^^^^^^^^^^^^^^^^^^^^^^^^^^^^^^^^^^^
  File "/srv/skew/economic-machine-commerce-20261002/tools/browser-qa-venv/lib/python3.12/site-packages/playwright/_impl/_connection.py", line 559, in wrap_api_call
    raise rewrite_error(error, f"{parsed_st['apiName']}: {error}") from None
playwright._impl._errors.TimeoutError: Locator.fill: Timeout 30000ms exceeded.
Call log:
  - waiting for locator("#task-source_language")
    - locator resolved to <input hidden="" type="text" name="source_language" id="task-source_language"/>
    - fill("en")
  - attempting fill action
    2 × waiting for element to be visible, enabled and editable
      - element is not visible
    - retrying fill action
    - waiting 20ms
    2 × waiting for element to be visible, enabled and editable
      - element is not visible
    - retrying fill action
      - waiting 100ms
    60 × waiting for element to be visible, enabled and editable
       - element is not visible
     - retrying fill action
       - waiting 500ms

