{"failed_http": [{"status": 503, "path": "/agents.js"}, {"status": 503, "path": "/operations.js"}, {"status": 503, "path": "/data.js"}, {"status": 503, "path": ".js"}, {"status": 503, "path": "/assets/app-engine.svg"}, {"status": 503, "path": "/assets/ui-icons.svg"}, {"status": 503, "path": "/assets/ui-icons.svg"}, {"status": 503, "path": "/app.js"}, {"status": 503, "path": "/tasks.js"}], "notice": "", "javascript_errors": []}
Traceback (most recent call last):
  File "/srv/skew/economic-machine-commerce-20261002/scripts/verify_tasks_browser.py", line 228, in <module>
    main()
  File "/srv/skew/economic-machine-commerce-20261002/scripts/verify_tasks_browser.py", line 79, in main
    page.get_by_role("button", name="Save task", exact=True).wait_for()
  File "/srv/skew/economic-machine-commerce-20261002/tools/browser-qa-venv/lib/python3.12/site-packages/playwright/sync_api/_generated.py", line 18005, in wait_for
    self._sync(self._impl_obj.wait_for(timeout=timeout, state=state))
  File "/srv/skew/economic-machine-commerce-20261002/tools/browser-qa-venv/lib/python3.12/site-packages/playwright/_impl/_sync_base.py", line 115, in _sync
    return task.result()
           ^^^^^^^^^^^^^
  File "/srv/skew/economic-machine-commerce-20261002/tools/browser-qa-venv/lib/python3.12/site-packages/playwright/_impl/_locator.py", line 692, in wait_for
    await self._frame.wait_for_selector(
  File "/srv/skew/economic-machine-commerce-20261002/tools/browser-qa-venv/lib/python3.12/site-packages/playwright/_impl/_frame.py", line 369, in wait_for_selector
    await self._channel.send(
  File "/srv/skew/economic-machine-commerce-20261002/tools/browser-qa-venv/lib/python3.12/site-packages/playwright/_impl/_connection.py", line 69, in send
    return await self._connection.wrap_api_call(
           ^^^^^^^^^^^^^^^^^^^^^^^^^^^^^^^^^^^^^
  File "/srv/skew/economic-machine-commerce-20261002/tools/browser-qa-venv/lib/python3.12/site-packages/playwright/_impl/_connection.py", line 559, in wrap_api_call
    raise rewrite_error(error, f"{parsed_st['apiName']}: {error}") from None
playwright._impl._errors.TimeoutError: Locator.wait_for: Timeout 30000ms exceeded.
Call log:
  - waiting for get_by_role("button", name="Save task", exact=True) to be visible

