Obtaining file:///srv/skew/economic-machine-commerce-20261002
  Installing build dependencies: started
  Installing build dependencies: finished with status 'done'
  Checking if build backend supports build_editable: started
  Checking if build backend supports build_editable: finished with status 'done'
  Getting requirements to build editable: started
  Getting requirements to build editable: finished with status 'done'
  Preparing editable metadata (pyproject.toml): started
  Preparing editable metadata (pyproject.toml): finished with status 'done'
Building wheels for collected packages: economic-machine-commerce
  Building editable for economic-machine-commerce (pyproject.toml): started
  Building editable for economic-machine-commerce (pyproject.toml): finished with status 'done'
  Created wheel for economic-machine-commerce: filename=economic_machine_commerce-0.1.0-0.editable-py3-none-any.whl size=2821 sha256=818cb48af6df20a21ff25ef39932612920f20e34ffb5b5194fc86a3c43025c48
  Stored in directory: /tmp/pip-ephem-wheel-cache-jcaph9t4/wheels/31/e2/eb/ac73845d27664d6ceeffc5346695f4097871c910074b1bd006
Successfully built economic-machine-commerce
Installing collected packages: economic-machine-commerce
  Attempting uninstall: economic-machine-commerce
    Found existing installation: economic-machine-commerce 0.1.0
    Uninstalling economic-machine-commerce-0.1.0:
      Successfully uninstalled economic-machine-commerce-0.1.0
Successfully installed economic-machine-commerce-0.1.0
