Traceback (most recent call last):
  File "/srv/skew/economic-machine-commerce-20261002/scripts/verify_paths_browser.py", line 99, in <module>
    main()
  File "/srv/skew/economic-machine-commerce-20261002/scripts/verify_paths_browser.py", line 37, in main
    page.wait_for_function('window.MachineConsole?.state.connected === true')
  File "/srv/skew/economic-machine-commerce-20261002/tools/browser-qa-venv/lib/python3.12/site-packages/playwright/sync_api/_generated.py", line 11559, in wait_for_function
    self._sync(
  File "/srv/skew/economic-machine-commerce-20261002/tools/browser-qa-venv/lib/python3.12/site-packages/playwright/_impl/_sync_base.py", line 115, in _sync
    return task.result()
           ^^^^^^^^^^^^^
  File "/srv/skew/economic-machine-commerce-20261002/tools/browser-qa-venv/lib/python3.12/site-packages/playwright/_impl/_page.py", line 1112, in wait_for_function
    return await self._main_frame.wait_for_function(**locals_to_params(locals()))
           ^^^^^^^^^^^^^^^^^^^^^^^^^^^^^^^^^^^^^^^^^^^^^^^^^^^^^^^^^^^^^^^^^^^^^^
  File "/srv/skew/economic-machine-commerce-20261002/tools/browser-qa-venv/lib/python3.12/site-packages/playwright/_impl/_frame.py", line 860, in wait_for_function
    await self._channel.send("waitForFunction", self._timeout, params)
  File "/srv/skew/economic-machine-commerce-20261002/tools/browser-qa-venv/lib/python3.12/site-packages/playwright/_impl/_connection.py", line 69, in send
    return await self._connection.wrap_api_call(
           ^^^^^^^^^^^^^^^^^^^^^^^^^^^^^^^^^^^^^
  File "/srv/skew/economic-machine-commerce-20261002/tools/browser-qa-venv/lib/python3.12/site-packages/playwright/_impl/_connection.py", line 559, in wrap_api_call
    raise rewrite_error(error, f"{parsed_st['apiName']}: {error}") from None
playwright._impl._errors.Error: Page.wait_for_function: EvalError: Refused to evaluate a string as JavaScript because 'unsafe-eval' is not an allowed source of script in the following Content Security Policy directive: "script-src 'self'".

    at eval (<anonymous>)
    at predicate (eval at evaluate (:290:30), <anonymous>:4:56)
    at next (eval at evaluate (:290:30), <anonymous>:29:29)
