Traceback (most recent call last):
  File "/srv/skew/economic-machine-commerce-20261002/scripts/verify_paths_browser.py", line 99, in <module>
    main()
  File "/srv/skew/economic-machine-commerce-20261002/scripts/verify_paths_browser.py", line 49, in main
    page.locator('#commerce-dialog').get_by_role('button', name='Close', exact=True).click()
  File "/srv/skew/economic-machine-commerce-20261002/tools/browser-qa-venv/lib/python3.12/site-packages/playwright/sync_api/_generated.py", line 15573, in click
    self._sync(
  File "/srv/skew/economic-machine-commerce-20261002/tools/browser-qa-venv/lib/python3.12/site-packages/playwright/_impl/_sync_base.py", line 115, in _sync
    return task.result()
           ^^^^^^^^^^^^^
  File "/srv/skew/economic-machine-commerce-20261002/tools/browser-qa-venv/lib/python3.12/site-packages/playwright/_impl/_locator.py", line 160, in click
    return await self._frame.click(self._selector, strict=True, **params)
           ^^^^^^^^^^^^^^^^^^^^^^^^^^^^^^^^^^^^^^^^^^^^^^^^^^^^^^^^^^^^^^
  File "/srv/skew/economic-machine-commerce-20261002/tools/browser-qa-venv/lib/python3.12/site-packages/playwright/_impl/_frame.py", line 549, in click
    await self._channel.send("click", self._timeout, locals_to_params(locals()))
  File "/srv/skew/economic-machine-commerce-20261002/tools/browser-qa-venv/lib/python3.12/site-packages/playwright/_impl/_connection.py", line 69, in send
    return await self._connection.wrap_api_call(
           ^^^^^^^^^^^^^^^^^^^^^^^^^^^^^^^^^^^^^
  File "/srv/skew/economic-machine-commerce-20261002/tools/browser-qa-venv/lib/python3.12/site-packages/playwright/_impl/_connection.py", line 559, in wrap_api_call
    raise rewrite_error(error, f"{parsed_st['apiName']}: {error}") from None
playwright._impl._errors.TimeoutError: Locator.click: Timeout 30000ms exceeded.
Call log:
  - waiting for locator("#commerce-dialog").get_by_role("button", name="Close", exact=True)
    - locator resolved to <button disabled class="quiet" type="button">Close</button>
  - attempting click action
    2 × waiting for element to be visible, enabled and stable
      - element is not enabled
    - retrying click action
    - waiting 20ms
    2 × waiting for element to be visible, enabled and stable
      - element is not enabled
    - retrying click action
      - waiting 100ms
    58 × waiting for element to be visible, enabled and stable
       - element is not enabled
     - retrying click action
       - waiting 500ms

