/srv/skew/economic-machine-commerce-20261002/.venv/lib/python3.12/site-packages/fastapi/testclient.py:1: StarletteDeprecationWarning: Using `httpx` with `starlette.testclient` is deprecated; install `httpx2` instead.
  from starlette.testclient import TestClient as TestClient  # noqa
test_consistent_encrypted_snapshot_restores_journal_and_private_file (test_production_paths.BackupPathTests.test_consistent_encrypted_snapshot_restores_journal_and_private_file) ... ok
test_corrupted_journal_fails_before_export (test_production_paths.BackupPathTests.test_corrupted_journal_fails_before_export) ... ok
test_offsite_failed_or_changed_retrieval_never_produces_acceptance (test_production_paths.BackupPathTests.test_offsite_failed_or_changed_retrieval_never_produces_acceptance) ... ok
test_offsite_requires_owner_config_host_pin_and_restore_of_returned_cipher (test_production_paths.BackupPathTests.test_offsite_requires_owner_config_host_pin_and_restore_of_returned_cipher) ... ok
test_tampering_wrong_key_or_existing_destination_never_overwrites (test_production_paths.BackupPathTests.test_tampering_wrong_key_or_existing_destination_never_overwrites) ... ok
test_compute_exact_payment_finality_and_output_share_checkout_and_budget (test_production_paths.ComputePathTests.test_compute_exact_payment_finality_and_output_share_checkout_and_budget) ... ok
test_concurrent_agents_reserve_one_shared_payment_limit_without_overspending (test_production_paths.ComputePathTests.test_concurrent_agents_reserve_one_shared_payment_limit_without_overspending) ... ok
test_malformed_usage_cannot_be_delivered_even_if_payment_was_finalized (test_production_paths.ComputePathTests.test_malformed_usage_cannot_be_delivered_even_if_payment_was_finalized) ... ok
test_parallel_same_request_publishes_one_checkout_and_one_publisher (test_production_paths.ComputePathTests.test_parallel_same_request_publishes_one_checkout_and_one_publisher) ... ok
test_request_price_and_idempotency_are_bound_and_incomplete_intent_recovers (test_production_paths.ComputePathTests.test_request_price_and_idempotency_are_bound_and_incomplete_intent_recovers) ... ok
test_restart_after_timeout_retains_hold_and_never_resends_or_fabricates_output (test_production_paths.ComputePathTests.test_restart_after_timeout_retains_hold_and_never_resends_or_fabricates_output) ... ok
test_restart_and_rolled_back_append_require_revalidation (test_production_paths.JournalFingerprintTests.test_restart_and_rolled_back_append_require_revalidation) ... ok
test_verified_history_reuses_decoding_but_every_old_field_change_is_detected (test_production_paths.JournalFingerprintTests.test_verified_history_reuses_decoding_but_every_old_field_change_is_detected) ... ok
test_crash_before_link_and_changed_market_cannot_bypass_source_guard (test_production_paths.ObservedNativeTests.test_crash_before_link_and_changed_market_cannot_bypass_source_guard) ... ok
test_gap_stale_source_and_expired_plan_cannot_reach_owner_approval (test_production_paths.ObservedNativeTests.test_gap_stale_source_and_expired_plan_cannot_reach_owner_approval) ... ok
test_observed_state_calls_actual_cpp_and_produces_same_approval_order (test_production_paths.ObservedNativeTests.test_observed_state_calls_actual_cpp_and_produces_same_approval_order) ... ok
test_scheduled_sync_survives_restart_and_never_dispatches (test_production_paths.ObservedNativeTests.test_scheduled_sync_survives_restart_and_never_dispatches) ... ok
test_terminal_fill_requires_independent_account_readback_and_failure_never_resends (test_production_paths.ObservedNativeTests.test_terminal_fill_requires_independent_account_readback_and_failure_never_resends) ... ok
test_testnet_adapters_pin_account_and_order_reads_without_mainnet_fallback (test_production_paths.ObservedNativeTests.test_testnet_adapters_pin_account_and_order_reads_without_mainnet_fallback) ... ok
test_finalized_merchant_grant_unlocks_owner_scoped_data_delivery_then_expires (test_production_paths.SubscriptionPathTests.test_finalized_merchant_grant_unlocks_owner_scoped_data_delivery_then_expires) ... ok
test_cancel_timeout_retains_reservation_and_query_is_read_only (test_engine_execution.ExecutionTests.test_cancel_timeout_retains_reservation_and_query_is_read_only) ... ok
test_changed_filters_require_replan (test_engine_execution.ExecutionTests.test_changed_filters_require_replan) ... ok
test_derivatives_reader_preserves_signed_exposure_and_native_pnl (test_engine_execution.ExecutionTests.test_derivatives_reader_preserves_signed_exposure_and_native_pnl) ... ok
test_disconnect_preserves_read_reconciliation (test_engine_execution.ExecutionTests.test_disconnect_preserves_read_reconciliation) ... ok
test_expired_paused_or_disconnected_order_cannot_dispatch (test_engine_execution.ExecutionTests.test_expired_paused_or_disconnected_order_cannot_dispatch) ... ok
test_expired_unsent_plan_is_visible_and_holds_no_capital (test_engine_execution.ExecutionTests.test_expired_unsent_plan_is_visible_and_holds_no_capital) ... ok
test_explicit_rejection_releases_hold_without_fake_fill (test_engine_execution.ExecutionTests.test_explicit_rejection_releases_hold_without_fake_fill) ... ok
test_fresh_account_recheck_blocks_insufficient_balance (test_engine_execution.ExecutionTests.test_fresh_account_recheck_blocks_insufficient_balance) ... ok
test_futures_only_reduce_existing_one_way_position (test_engine_execution.ExecutionTests.test_futures_only_reduce_existing_one_way_position) ... ok
test_live_gate_blocks_before_network_transmission (test_engine_execution.ExecutionTests.test_live_gate_blocks_before_network_transmission) ... ok
test_minimum_tick_step_finite_and_order_size_checks (test_engine_execution.ExecutionTests.test_minimum_tick_step_finite_and_order_size_checks) ... ok
test_mismatched_or_regressing_venue_evidence_keeps_hold (test_engine_execution.ExecutionTests.test_mismatched_or_regressing_venue_evidence_keeps_hold) ... ok
test_one_submission_and_identity_bound_reconciliation (test_engine_execution.ExecutionTests.test_one_submission_and_identity_bound_reconciliation) ... ok
test_owner_approval_binds_exact_plan_hash (test_engine_execution.ExecutionTests.test_owner_approval_binds_exact_plan_hash) ... ok
test_partial_fill_retains_full_hold_until_terminal_evidence (test_engine_execution.ExecutionTests.test_partial_fill_retains_full_hold_until_terminal_evidence) ... ok
test_plan_and_approval_never_send_an_order (test_engine_execution.ExecutionTests.test_plan_and_approval_never_send_an_order) ... ok
test_recovery_respects_backoff_and_rate_limit_without_retransmission (test_engine_execution.ExecutionTests.test_recovery_respects_backoff_and_rate_limit_without_retransmission) ... ok
test_request_id_reuse_is_exact (test_engine_execution.ExecutionTests.test_request_id_reuse_is_exact) ... ok
test_shared_turnover_budget_and_one_inflight_order_per_account (test_engine_execution.ExecutionTests.test_shared_turnover_budget_and_one_inflight_order_per_account) ... ok
test_timeout_retains_hold_and_recovers_after_restart (test_engine_execution.ExecutionTests.test_timeout_retains_hold_and_recovers_after_restart) ... ok
test_existing_keys_never_gain_engine_or_trade_approval_authority (test_engine_execution.IntegrationTests.test_existing_keys_never_gain_engine_or_trade_approval_authority) ... ok
test_hosted_routes_share_login_and_isolate_workspaces (test_engine_execution.IntegrationTests.test_hosted_routes_share_login_and_isolate_workspaces) ... ok
test_local_console_and_schedule_authentication (test_engine_execution.IntegrationTests.test_local_console_and_schedule_authentication) ... ok
test_stable_owner_namespace_and_cross_owner_isolation (test_engine_execution.IntegrationTests.test_stable_owner_namespace_and_cross_owner_isolation) ... ok
test_disconnect_disables_durable_job (test_engine_execution.SchedulerTests.test_disconnect_disables_durable_job) ... ok
test_exclusive_lease_and_crash_expiry (test_engine_execution.SchedulerTests.test_exclusive_lease_and_crash_expiry) ... ok
test_failure_backoff_and_success_reset (test_engine_execution.SchedulerTests.test_failure_backoff_and_success_reset) ... ok
test_schedule_bounds_and_types (test_engine_execution.SchedulerTests.test_schedule_bounds_and_types) ... ok
test_schedule_runs_persists_and_resumes_after_restart (test_engine_execution.SchedulerTests.test_schedule_runs_persists_and_resumes_after_restart) ... ok
test_futures_catalogue_has_a_bounded_exception_to_the_small_read_limit (test_engine_execution.TransportTests.test_futures_catalogue_has_a_bounded_exception_to_the_small_read_limit) ... ok
test_only_explicit_rejection_can_release_an_order_reservation (test_engine_execution.TransportTests.test_only_explicit_rejection_can_release_an_order_reservation) ... ok
test_signed_writes_keep_pinned_host_tls_identity_and_query (test_engine_execution.TransportTests.test_signed_writes_keep_pinned_host_tls_identity_and_query) ... ok
test_credential_urls_and_inference_endpoints_are_not_connector_inputs (test_engine_workspace.ConnectionContracts.test_credential_urls_and_inference_endpoints_are_not_connector_inputs) ... ok
test_exchange_balances_keep_all_supported_decimal_digits (test_engine_workspace.ConnectionContracts.test_exchange_balances_keep_all_supported_decimal_digits) ... ok
test_exchange_signature_only_admits_read_only_paths (test_engine_workspace.ConnectionContracts.test_exchange_signature_only_admits_read_only_paths) ... ok
test_missing_or_echoed_ai_credentials_do_not_enter_snapshot (test_engine_workspace.ConnectionContracts.test_missing_or_echoed_ai_credentials_do_not_enter_snapshot) ... ok
test_model_catalog_does_not_invoke_the_model (test_engine_workspace.ConnectionContracts.test_model_catalog_does_not_invoke_the_model) ... ok
test_pinned_signed_query_keeps_host_and_tls_identity (test_engine_workspace.ConnectionContracts.test_pinned_signed_query_keeps_host_and_tls_identity) ... ok
test_secrets_are_environment_references_not_values (test_engine_workspace.ConnectionContracts.test_secrets_are_environment_references_not_values) ... ok
test_wallet_uses_one_finalized_height_and_correct_native_units (test_engine_workspace.ConnectionContracts.test_wallet_uses_one_finalized_height_and_correct_native_units) ... ok
test_wrong_network_stops_before_balance_reads (test_engine_workspace.ConnectionContracts.test_wrong_network_stops_before_balance_reads) ... ok
test_body_stream_limit_and_closed_json (test_engine_workspace.LocalEngineHTTP.test_body_stream_limit_and_closed_json) ... ok
test_new_private_database_is_not_world_readable (test_engine_workspace.LocalEngineHTTP.test_new_private_database_is_not_world_readable) ... ok
test_no_remote_browser_origin_or_unknown_owner_is_admitted (test_engine_workspace.LocalEngineHTTP.test_no_remote_browser_origin_or_unknown_owner_is_admitted) ... ok
test_owner_can_connect_sync_and_disconnect_without_financial_dispatch (test_engine_workspace.LocalEngineHTTP.test_owner_can_connect_sync_and_disconnect_without_financial_dispatch) ... ok
test_public_demo_is_bound_to_actual_trade_not_fake_live_accounts (test_engine_workspace.LocalEngineHTTP.test_public_demo_is_bound_to_actual_trade_not_fake_live_accounts) ... ok
test_source_and_secrets_are_not_served_as_assets (test_engine_workspace.LocalEngineHTTP.test_source_and_secrets_are_not_served_as_assets) ... ok
test_weak_or_non_loopback_configuration_does_not_start (test_engine_workspace.LocalEngineHTTP.test_weak_or_non_loopback_configuration_does_not_start) ... ok
test_create_does_not_probe_credentials_or_request_payment (test_engine_workspace.WorkspaceContracts.test_create_does_not_probe_credentials_or_request_payment) ... ok
test_disconnect_during_read_invalidates_the_generation (test_engine_workspace.WorkspaceContracts.test_disconnect_during_read_invalidates_the_generation) ... ok
test_disconnected_sources_leave_history_without_reporting_live_assets (test_engine_workspace.WorkspaceContracts.test_disconnected_sources_leave_history_without_reporting_live_assets) ... ok
test_engine_policy_and_run_views_use_actual_durable_receipts (test_engine_workspace.WorkspaceContracts.test_engine_policy_and_run_views_use_actual_durable_receipts) ... ok
test_failure_preserves_prior_snapshot_but_marks_it_degraded (test_engine_workspace.WorkspaceContracts.test_failure_preserves_prior_snapshot_but_marks_it_degraded) ... ok
test_journal_tampering_blocks_a_connection_mutation (test_engine_workspace.WorkspaceContracts.test_journal_tampering_blocks_a_connection_mutation) ... ok
test_snapshot_persists_without_key_references_in_public_view (test_engine_workspace.WorkspaceContracts.test_snapshot_persists_without_key_references_in_public_view) ... ok
test_unexpected_exception_text_cannot_expose_credentials (test_engine_workspace.WorkspaceContracts.test_unexpected_exception_text_cannot_expose_credentials) ... ok
test_usage_is_idempotent_and_not_a_provider_invoice (test_engine_workspace.WorkspaceContracts.test_usage_is_idempotent_and_not_a_provider_invoice) ... ok
test_concurrent_agents_cannot_overreserve_a_shared_budget (test_agent_control.AgentControlTests.test_concurrent_agents_cannot_overreserve_a_shared_budget) ... ok
test_connection_and_operation_membership_cannot_be_widened_by_run_payload (test_agent_control.AgentControlTests.test_connection_and_operation_membership_cannot_be_widened_by_run_payload) ... ok
test_expired_plan_has_one_status_in_agent_and_execution_views (test_agent_control.AgentControlTests.test_expired_plan_has_one_status_in_agent_and_execution_views) ... FAIL
test_failed_plan_and_unsafe_errors_release_untransmitted_hold (test_agent_control.AgentControlTests.test_failed_plan_and_unsafe_errors_release_untransmitted_hold) ... ok
test_hosted_agent_key_binding_uses_owner_workspace_and_denies_cross_agent_runs (test_agent_control.AgentControlTests.test_hosted_agent_key_binding_uses_owner_workspace_and_denies_cross_agent_runs) ... ok
test_individual_agent_pause_does_not_pause_other_agents (test_agent_control.AgentControlTests.test_individual_agent_pause_does_not_pause_other_agents) ... ok
test_late_plan_cannot_commit_after_expired_run_lease (test_agent_control.AgentControlTests.test_late_plan_cannot_commit_after_expired_run_lease) ... ok
test_local_keys_are_hashed_bound_and_revoked_without_owner_authority (test_agent_control.AgentControlTests.test_local_keys_are_hashed_bound_and_revoked_without_owner_authority) ... ok
test_native_cpp_run_and_sync_are_in_the_same_agent_ledger (test_agent_control.AgentControlTests.test_native_cpp_run_and_sync_are_in_the_same_agent_ledger) ... ok
test_observed_overshoot_breaches_team_and_cannot_be_hidden_by_replay (test_agent_control.AgentControlTests.test_observed_overshoot_breaches_team_and_cannot_be_hidden_by_replay) ... ok
test_pause_after_owner_approval_blocks_dispatch_without_releasing_hold (test_agent_control.AgentControlTests.test_pause_after_owner_approval_blocks_dispatch_without_releasing_hold) ... ok
test_run_replay_is_exact_and_keeps_agent_order_result (test_agent_control.AgentControlTests.test_run_replay_is_exact_and_keeps_agent_order_result) ... ok
test_shared_policy_expiry_blocks_a_previously_approved_order (test_agent_control.AgentControlTests.test_shared_policy_expiry_blocks_a_previously_approved_order) ... ok
test_shared_task_concurrency_limit_applies_before_adapter_work (test_agent_control.AgentControlTests.test_shared_task_concurrency_limit_applies_before_adapter_work) ... ok
test_two_agents_and_separate_venue_policies_share_one_real_hold (test_agent_control.AgentControlTests.test_two_agents_and_separate_venue_policies_share_one_real_hold) ... ok
test_unknown_outcome_retains_shared_hold_and_restart_reconciliation_charges_once (test_agent_control.AgentControlTests.test_unknown_outcome_retains_shared_hold_and_restart_reconciliation_charges_once) ... ok
test_unsent_plan_withdrawal_releases_but_unknown_plan_cannot_be_withdrawn (test_agent_control.AgentControlTests.test_unsent_plan_withdrawal_releases_but_unknown_plan_cannot_be_withdrawn) ... ok

======================================================================
FAIL: test_expired_plan_has_one_status_in_agent_and_execution_views (test_agent_control.AgentControlTests.test_expired_plan_has_one_status_in_agent_and_execution_views)
----------------------------------------------------------------------
Traceback (most recent call last):
  File "/srv/skew/economic-machine-commerce-20261002/tests/test_agent_control.py", line 427, in test_expired_plan_has_one_status_in_agent_and_execution_views
    self.assertEqual(replay["result"], order)
AssertionError: {'id'[1007 chars]ALLET_BALANCE'} != {'id'[1007 chars]ALLET_BALANCE', 'account_readback': {'status': 'NOT_OBSERVED'}}
Diff is 1360 characters long. Set self.maxDiff to None to see it.

----------------------------------------------------------------------
Ran 94 tests in 6.418s

FAILED (failures=1)
