/srv/skew/economic-machine-commerce-20261002/.venv/lib/python3.12/site-packages/fastapi/testclient.py:1: StarletteDeprecationWarning: Using `httpx` with `starlette.testclient` is deprecated; install `httpx2` instead.
  from starlette.testclient import TestClient as TestClient  # noqa
BackupBoundaryTests (unittest.loader._FailedTest.BackupBoundaryTests) ... ERROR
test_discovery_extension_float_never_becomes_financial_state (test_x402.X402Tests.test_discovery_extension_float_never_becomes_financial_state) ... ok
test_exact_agreed_challenge_is_ready_for_signature_but_unpaid (test_x402.X402Tests.test_exact_agreed_challenge_is_ready_for_signature_but_unpaid) ... ok
test_expiry_version_and_ambiguous_options_are_rejected (test_x402.X402Tests.test_expiry_version_and_ambiguous_options_are_rejected) ... ok
test_invalid_base64_duplicate_keys_and_test_credits_are_rejected (test_x402.X402Tests.test_invalid_base64_duplicate_keys_and_test_credits_are_rejected) ... ok
test_missing_or_wrong_settlement_evidence_cannot_be_reported_as_paid (test_x402.X402Tests.test_missing_or_wrong_settlement_evidence_cannot_be_reported_as_paid) ... ok
test_provider_maximum_never_extends_local_authorization (test_x402.X402Tests.test_provider_maximum_never_extends_local_authorization) ... ok
test_success_header_requires_chain_reconciliation_and_cannot_trigger_retry (test_x402.X402Tests.test_success_header_requires_chain_reconciliation_and_cannot_trigger_retry) ... ok
test_unsupported_prepaid_flow_or_permit2_cannot_be_silently_admitted (test_x402.X402Tests.test_unsupported_prepaid_flow_or_permit2_cannot_be_silently_admitted) ... ok
test_untrusted_resource_recipient_asset_price_and_network_cannot_change_terms (test_x402.X402Tests.test_untrusted_resource_recipient_asset_price_and_network_cannot_change_terms) ... ok
test_discovery_examples_with_float_prices_do_not_enter_payment_math (test_compute_registry.ComputeRegistryTests.test_discovery_examples_with_float_prices_do_not_enter_payment_math) ... ok
test_keyless_unsigned_price_is_observed_without_claiming_capacity_or_delivery (test_compute_registry.ComputeRegistryTests.test_keyless_unsigned_price_is_observed_without_claiming_capacity_or_delivery) ... ok
test_response_success_or_wrong_resource_is_not_paid_compute_evidence (test_compute_registry.ComputeRegistryTests.test_response_success_or_wrong_resource_is_not_paid_compute_evidence) ... ok
test_wrong_network_amount_domain_or_duplicate_options_remain_unavailable (test_compute_registry.ComputeRegistryTests.test_wrong_network_amount_domain_or_duplicate_options_remain_unavailable) ... ok
test_concurrent_signed_requests_only_transmit_one_settlement (test_hosted_merchant.HostedMerchantTests.test_concurrent_signed_requests_only_transmit_one_settlement) ... ok
test_exact_signed_authorization_gets_one_settle_and_finalized_grant (test_hosted_merchant.HostedMerchantTests.test_exact_signed_authorization_gets_one_settle_and_finalized_grant) ... ok
test_expired_unpaid_attempt_is_not_recovered_or_charged_again (test_hosted_merchant.HostedMerchantTests.test_expired_unpaid_attempt_is_not_recovered_or_charged_again) ... ok
test_http_route_unsigned_challenge_and_signed_finalized_delivery (test_hosted_merchant.HostedMerchantTests.test_http_route_unsigned_challenge_and_signed_finalized_delivery) ... ok
test_managed_offer_refresh_is_immutable_and_preserves_inflight_quote (test_hosted_merchant.HostedMerchantTests.test_managed_offer_refresh_is_immutable_and_preserves_inflight_quote) ... ok
test_managed_publisher_does_not_take_over_an_existing_session (test_hosted_merchant.HostedMerchantTests.test_managed_publisher_does_not_take_over_an_existing_session) ... ok
test_missing_configuration_cannot_open_an_unapproved_seller (test_hosted_merchant.HostedMerchantTests.test_missing_configuration_cannot_open_an_unapproved_seller) ... ok
test_pending_receipt_and_latest_block_cannot_grant_access (test_hosted_merchant.HostedMerchantTests.test_pending_receipt_and_latest_block_cannot_grant_access) ... ok
test_recovery_isolates_a_broken_resource_and_never_resends (test_hosted_merchant.HostedMerchantTests.test_recovery_isolates_a_broken_resource_and_never_resends) ... ok
test_rejected_verification_and_changed_signature_never_settle (test_hosted_merchant.HostedMerchantTests.test_rejected_verification_and_changed_signature_never_settle) ... ok
test_timeout_restart_and_nonce_readback_recover_without_resending_signature (test_hosted_merchant.HostedMerchantTests.test_timeout_restart_and_nonce_readback_recover_without_resending_signature) ... ok
test_unsigned_challenge_is_bound_to_existing_checkout_and_exact_ten_usdc (test_hosted_merchant.HostedMerchantTests.test_unsigned_challenge_is_bound_to_existing_checkout_and_exact_ten_usdc) ... ok

======================================================================
ERROR: BackupBoundaryTests (unittest.loader._FailedTest.BackupBoundaryTests)
----------------------------------------------------------------------
AttributeError: module 'test_production_paths' has no attribute 'BackupBoundaryTests'

----------------------------------------------------------------------
Ran 26 tests in 0.989s

FAILED (errors=1)
