Obtaining file:///srv/skew/economic-machine-commerce-20261002
  Installing build dependencies: started
  Installing build dependencies: finished with status 'done'
  Checking if build backend supports build_editable: started
  Checking if build backend supports build_editable: finished with status 'done'
  Getting requirements to build editable: started
  Getting requirements to build editable: finished with status 'done'
  Preparing editable metadata (pyproject.toml): started
  Preparing editable metadata (pyproject.toml): finished with status 'done'
Collecting fastapi<1,>=0.115 (from economic-machine-commerce==0.1.0)
  Downloading fastapi-0.142.2-py3-none-any.whl.metadata (27 kB)
Collecting uvicorn<1,>=0.32 (from economic-machine-commerce==0.1.0)
  Using cached uvicorn-0.54.0-py3-none-any.whl.metadata (6.6 kB)
Collecting httpx<1,>=0.27 (from economic-machine-commerce==0.1.0)
  Using cached httpx-0.28.1-py3-none-any.whl.metadata (7.1 kB)
Collecting web3<8,>=7 (from economic-machine-commerce==0.1.0)
  Downloading web3-7.16.0-py3-none-any.whl.metadata (5.6 kB)
Collecting eth-tester<0.15,>=0.13.0b1 (from eth-tester[py-evm]<0.15,>=0.13.0b1; extra == "verification"->economic-machine-commerce==0.1.0)
  Downloading eth_tester-0.14.0b1-py3-none-any.whl.metadata (36 kB)
Collecting ruff<1,>=0.9 (from economic-machine-commerce==0.1.0)
  Downloading ruff-0.16.9-py3-none-manylinux_2_17_x86_64.manylinux2014_x86_64.whl.metadata (20 kB)
Collecting eth-abi>=6 (from eth-tester<0.15,>=0.13.0b1->eth-tester[py-evm]<0.15,>=0.13.0b1; extra == "verification"->economic-machine-commerce==0.1.0)
  Using cached eth_abi-6.0.0-py3-none-any.whl.metadata (2.4 kB)
Collecting eth-account>=0.14 (from eth-tester<0.15,>=0.13.0b1->eth-tester[py-evm]<0.15,>=0.13.0b1; extra == "verification"->economic-machine-commerce==0.1.0)
  Downloading eth_account-0.14.0-py3-none-any.whl.metadata (2.4 kB)
Collecting eth-keys>=0.5 (from eth-tester<0.15,>=0.13.0b1->eth-tester[py-evm]<0.15,>=0.13.0b1; extra == "verification"->economic-machine-commerce==0.1.0)
  Using cached eth_keys-0.8.0-py3-none-any.whl.metadata (12 kB)
Collecting eth-utils>=6 (from eth-tester<0.15,>=0.13.0b1->eth-tester[py-evm]<0.15,>=0.13.0b1; extra == "verification"->economic-machine-commerce==0.1.0)
  Using cached eth_utils-6.0.0-py3-none-any.whl.metadata (5.6 kB)
Collecting rlp>=5 (from eth-tester<0.15,>=0.13.0b1->eth-tester[py-evm]<0.15,>=0.13.0b1; extra == "verification"->economic-machine-commerce==0.1.0)
  Using cached rlp-5.0.0-py3-none-any.whl.metadata (2.1 kB)
Collecting semantic_version>=2.6.0 (from eth-tester<0.15,>=0.13.0b1->eth-tester[py-evm]<0.15,>=0.13.0b1; extra == "verification"->economic-machine-commerce==0.1.0)
  Downloading semantic_version-2.10.0-py2.py3-none-any.whl.metadata (9.7 kB)
Collecting py-evm<0.13.0b1,>=0.12.0b2 (from eth-tester[py-evm]<0.15,>=0.13.0b1; extra == "verification"->economic-machine-commerce==0.1.0)
  Downloading py_evm-0.12.1b1-py3-none-any.whl.metadata (6.1 kB)
Collecting eth-hash<1.0.0,>=0.1.4 (from eth-hash[pysha3]<1.0.0,>=0.1.4; implementation_name == "cpython" and extra == "py-evm"->eth-tester[py-evm]<0.15,>=0.13.0b1; extra == "verification"->economic-machine-commerce==0.1.0)
  Using cached eth_hash-0.8.0-py3-none-any.whl.metadata (4.1 kB)
Collecting starlette>=0.46.0 (from fastapi<1,>=0.115->economic-machine-commerce==0.1.0)
  Using cached starlette-1.7.0-py3-none-any.whl.metadata (6.6 kB)
Collecting pydantic>=2.9.0 (from fastapi<1,>=0.115->economic-machine-commerce==0.1.0)
  Using cached pydantic-2.13.5-py3-none-any.whl.metadata (110 kB)
Collecting typing-extensions>=4.8.0 (from fastapi<1,>=0.115->economic-machine-commerce==0.1.0)
  Using cached typing_extensions-4.16.0-py3-none-any.whl.metadata (3.3 kB)
Collecting typing-inspection>=0.4.2 (from fastapi<1,>=0.115->economic-machine-commerce==0.1.0)
  Using cached typing_inspection-0.4.4-py3-none-any.whl.metadata (2.6 kB)
Collecting annotated-doc>=0.0.2 (from fastapi<1,>=0.115->economic-machine-commerce==0.1.0)
  Using cached annotated_doc-0.0.5-py3-none-any.whl.metadata (6.5 kB)
Collecting opentelemetry-api>=1.44.0 (from fastapi<1,>=0.115->economic-machine-commerce==0.1.0)
  Downloading opentelemetry_api-1.45.0-py3-none-any.whl.metadata (1.4 kB)
Collecting anyio (from httpx<1,>=0.27->economic-machine-commerce==0.1.0)
  Using cached anyio-4.15.1-py3-none-any.whl.metadata (4.7 kB)
Collecting certifi (from httpx<1,>=0.27->economic-machine-commerce==0.1.0)
  Using cached certifi-2026.7.22-py3-none-any.whl.metadata (2.5 kB)
Collecting httpcore==1.* (from httpx<1,>=0.27->economic-machine-commerce==0.1.0)
  Using cached httpcore-1.0.9-py3-none-any.whl.metadata (21 kB)
Collecting idna (from httpx<1,>=0.27->economic-machine-commerce==0.1.0)
  Using cached idna-3.20-py3-none-any.whl.metadata (7.2 kB)
Collecting h11>=0.16 (from httpcore==1.*->httpx<1,>=0.27->economic-machine-commerce==0.1.0)
  Using cached h11-0.16.0-py3-none-any.whl.metadata (8.3 kB)
Collecting click>=7.0 (from uvicorn<1,>=0.32->economic-machine-commerce==0.1.0)
  Using cached click-8.5.0-py3-none-any.whl.metadata (2.6 kB)
Collecting eth-typing>=5.0.0 (from web3<8,>=7->economic-machine-commerce==0.1.0)
  Using cached eth_typing-6.0.0-py3-none-any.whl.metadata (3.1 kB)
Collecting hexbytes>=1.2.0 (from web3<8,>=7->economic-machine-commerce==0.1.0)
  Using cached hexbytes-2.0.0-py3-none-any.whl.metadata (2.1 kB)
Collecting aiohttp>=3.7.4.post0 (from web3<8,>=7->economic-machine-commerce==0.1.0)
  Downloading aiohttp-3.14.3-cp312-cp312-manylinux2014_x86_64.manylinux_2_17_x86_64.manylinux_2_28_x86_64.whl.metadata (8.3 kB)
Collecting requests>=2.23.0 (from web3<8,>=7->economic-machine-commerce==0.1.0)
  Using cached requests-2.34.2-py3-none-any.whl.metadata (4.8 kB)
Collecting types-requests>=2.0.0 (from web3<8,>=7->economic-machine-commerce==0.1.0)
  Downloading types_requests-2.33.0.20260906-py3-none-any.whl.metadata (2.2 kB)
Collecting websockets<16.0.0,>=10.0.0 (from web3<8,>=7->economic-machine-commerce==0.1.0)
  Downloading websockets-15.0.1-cp312-cp312-manylinux_2_5_x86_64.manylinux1_x86_64.manylinux_2_17_x86_64.manylinux2014_x86_64.whl.metadata (6.8 kB)
Collecting pyunormalize>=15.0.0 (from web3<8,>=7->economic-machine-commerce==0.1.0)
  Downloading pyunormalize-18.0.0-py3-none-any.whl.metadata (5.5 kB)
Collecting aiohappyeyeballs>=2.5.0 (from aiohttp>=3.7.4.post0->web3<8,>=7->economic-machine-commerce==0.1.0)
  Downloading aiohappyeyeballs-2.7.1-py3-none-any.whl.metadata (5.9 kB)
Collecting aiosignal>=1.4.0 (from aiohttp>=3.7.4.post0->web3<8,>=7->economic-machine-commerce==0.1.0)
  Downloading aiosignal-1.4.0-py3-none-any.whl.metadata (3.7 kB)
Collecting attrs>=17.3.0 (from aiohttp>=3.7.4.post0->web3<8,>=7->economic-machine-commerce==0.1.0)
  Using cached attrs-26.1.0-py3-none-any.whl.metadata (8.8 kB)
Collecting frozenlist>=1.1.1 (from aiohttp>=3.7.4.post0->web3<8,>=7->economic-machine-commerce==0.1.0)
  Downloading frozenlist-1.8.0-cp312-cp312-manylinux1_x86_64.manylinux_2_28_x86_64.manylinux_2_5_x86_64.whl.metadata (20 kB)
Collecting multidict<7.0,>=4.5 (from aiohttp>=3.7.4.post0->web3<8,>=7->economic-machine-commerce==0.1.0)
  Downloading multidict-6.9.1-cp312-cp312-manylinux2014_x86_64.manylinux_2_17_x86_64.manylinux_2_28_x86_64.whl.metadata (5.3 kB)
Collecting propcache>=0.2.0 (from aiohttp>=3.7.4.post0->web3<8,>=7->economic-machine-commerce==0.1.0)
  Downloading propcache-0.5.4-cp312-cp312-manylinux2014_x86_64.manylinux_2_17_x86_64.manylinux_2_28_x86_64.whl.metadata (25 kB)
Collecting yarl<2.0,>=1.17.0 (from aiohttp>=3.7.4.post0->web3<8,>=7->economic-machine-commerce==0.1.0)
  Downloading yarl-1.25.1-cp312-cp312-manylinux2014_x86_64.manylinux_2_17_x86_64.manylinux_2_28_x86_64.whl.metadata (111 kB)
     ━━━━━━━━━━━━━━━━━━━━━━━━━━━━━━━━━━━━━━ 111.6/111.6 kB 51.3 MB/s eta 0:00:00
Collecting parsimonious<0.11.0,>=0.10.0 (from eth-abi>=6->eth-tester<0.15,>=0.13.0b1->eth-tester[py-evm]<0.15,>=0.13.0b1; extra == "verification"->economic-machine-commerce==0.1.0)
  Using cached parsimonious-0.10.0-py3-none-any.whl.metadata (25 kB)
Collecting bitarray>=2.4 (from eth-account>=0.14->eth-tester<0.15,>=0.13.0b1->eth-tester[py-evm]<0.15,>=0.13.0b1; extra == "verification"->economic-machine-commerce==0.1.0)
  Using cached bitarray-3.11.0-cp312-cp312-manylinux2014_x86_64.manylinux_2_17_x86_64.manylinux_2_28_x86_64.whl.metadata (38 kB)
Collecting eth-keyfile>=0.10 (from eth-account>=0.14->eth-tester<0.15,>=0.13.0b1->eth-tester[py-evm]<0.15,>=0.13.0b1; extra == "verification"->economic-machine-commerce==0.1.0)
  Downloading eth_keyfile-0.10.0-py3-none-any.whl.metadata (9.8 kB)
Collecting eth-rlp>=3 (from eth-account>=0.14->eth-tester<0.15,>=0.13.0b1->eth-tester[py-evm]<0.15,>=0.13.0b1; extra == "verification"->economic-machine-commerce==0.1.0)
  Using cached eth_rlp-3.0.0-py3-none-any.whl.metadata (2.2 kB)
Collecting ckzg>=2 (from eth-account>=0.14->eth-tester<0.15,>=0.13.0b1->eth-tester[py-evm]<0.15,>=0.13.0b1; extra == "verification"->economic-machine-commerce==0.1.0)
  Using cached ckzg-2.1.8-cp312-cp312-manylinux2014_x86_64.manylinux_2_17_x86_64.manylinux_2_28_x86_64.whl.metadata (887 bytes)
Collecting pycryptodome<4,>=3.6.6 (from eth-hash[pycryptodome]>=0.5.1->web3<8,>=7->economic-machine-commerce==0.1.0)
  Using cached pycryptodome-3.23.0-cp37-abi3-manylinux_2_17_x86_64.manylinux2014_x86_64.whl.metadata (3.4 kB)
Collecting safe-pysha3>=1.0.0 (from eth-hash[pysha3]<1.0.0,>=0.1.4; implementation_name == "cpython" and extra == "py-evm"->eth-tester[py-evm]<0.15,>=0.13.0b1; extra == "verification"->economic-machine-commerce==0.1.0)
  Downloading safe_pysha3-1.0.5-cp312-cp312-manylinux2014_x86_64.manylinux_2_17_x86_64.manylinux_2_28_x86_64.whl.metadata (7.2 kB)
Collecting cytoolz>=0.10.1 (from eth-utils>=6->eth-tester<0.15,>=0.13.0b1->eth-tester[py-evm]<0.15,>=0.13.0b1; extra == "verification"->economic-machine-commerce==0.1.0)
  Using cached cytoolz-1.1.0-cp312-cp312-manylinux2014_x86_64.manylinux_2_17_x86_64.manylinux_2_28_x86_64.whl.metadata (5.2 kB)
Collecting cached-property>=1.5.1 (from py-evm<0.13.0b1,>=0.12.0b2->eth-tester[py-evm]<0.15,>=0.13.0b1; extra == "verification"->economic-machine-commerce==0.1.0)
  Downloading cached_property-2.0.1-py3-none-any.whl.metadata (10 kB)
Collecting eth-bloom>=1.0.3 (from py-evm<0.13.0b1,>=0.12.0b2->eth-tester[py-evm]<0.15,>=0.13.0b1; extra == "verification"->economic-machine-commerce==0.1.0)
  Downloading eth_bloom-4.0.0-py3-none-any.whl.metadata (7.5 kB)
Collecting lru-dict>=1.1.6 (from py-evm<0.13.0b1,>=0.12.0b2->eth-tester[py-evm]<0.15,>=0.13.0b1; extra == "verification"->economic-machine-commerce==0.1.0)
  Downloading lru_dict-1.4.1-cp312-cp312-manylinux1_x86_64.manylinux_2_28_x86_64.manylinux_2_5_x86_64.whl.metadata (4.8 kB)
Collecting py-ecc>=8.0.0 (from py-evm<0.13.0b1,>=0.12.0b2->eth-tester[py-evm]<0.15,>=0.13.0b1; extra == "verification"->economic-machine-commerce==0.1.0)
  Downloading py_ecc-8.0.0-py3-none-any.whl.metadata (3.1 kB)
Collecting trie>=2.0.0 (from py-evm<0.13.0b1,>=0.12.0b2->eth-tester[py-evm]<0.15,>=0.13.0b1; extra == "verification"->economic-machine-commerce==0.1.0)
  Downloading trie-4.0.0-py3-none-any.whl.metadata (18 kB)
Collecting annotated-types>=0.6.0 (from pydantic>=2.9.0->fastapi<1,>=0.115->economic-machine-commerce==0.1.0)
  Using cached annotated_types-0.8.0-py3-none-any.whl.metadata (15 kB)
Collecting pydantic-core==2.46.5 (from pydantic>=2.9.0->fastapi<1,>=0.115->economic-machine-commerce==0.1.0)
  Using cached pydantic_core-2.46.5-cp312-cp312-manylinux_2_17_x86_64.manylinux2014_x86_64.whl.metadata (6.6 kB)
Collecting charset_normalizer<4,>=2 (from requests>=2.23.0->web3<8,>=7->economic-machine-commerce==0.1.0)
  Downloading charset_normalizer-3.5.2-cp312-cp312-manylinux2014_x86_64.manylinux_2_17_x86_64.manylinux_2_28_x86_64.whl.metadata (46 kB)
     ━━━━━━━━━━━━━━━━━━━━━━━━━━━━━━━━━━━━━━━━ 46.4/46.4 kB 20.1 MB/s eta 0:00:00
Collecting urllib3<3,>=1.26 (from requests>=2.23.0->web3<8,>=7->economic-machine-commerce==0.1.0)
  Using cached urllib3-2.8.0-py3-none-any.whl.metadata (7.4 kB)
Collecting toolz>=0.8.0 (from cytoolz>=0.10.1->eth-utils>=6->eth-tester<0.15,>=0.13.0b1->eth-tester[py-evm]<0.15,>=0.13.0b1; extra == "verification"->economic-machine-commerce==0.1.0)
  Using cached toolz-1.1.0-py3-none-any.whl.metadata (5.1 kB)
Collecting regex>=2022.3.15 (from parsimonious<0.11.0,>=0.10.0->eth-abi>=6->eth-tester<0.15,>=0.13.0b1->eth-tester[py-evm]<0.15,>=0.13.0b1; extra == "verification"->economic-machine-commerce==0.1.0)
  Using cached regex-2026.9.29-cp312-cp312-manylinux2014_x86_64.manylinux_2_17_x86_64.manylinux_2_28_x86_64.whl.metadata (40 kB)
Collecting sortedcontainers>=2.1.0 (from trie>=2.0.0->py-evm<0.13.0b1,>=0.12.0b2->eth-tester[py-evm]<0.15,>=0.13.0b1; extra == "verification"->economic-machine-commerce==0.1.0)
  Downloading sortedcontainers-2.4.0-py2.py3-none-any.whl.metadata (10 kB)
Downloading eth_tester-0.14.0b1-py3-none-any.whl (75 kB)
   ━━━━━━━━━━━━━━━━━━━━━━━━━━━━━━━━━━━━━━━━ 75.8/75.8 kB 34.0 MB/s eta 0:00:00
Downloading fastapi-0.142.2-py3-none-any.whl (144 kB)
   ━━━━━━━━━━━━━━━━━━━━━━━━━━━━━━━━━━━━━━━━ 144.4/144.4 kB 58.0 MB/s eta 0:00:00
Using cached httpx-0.28.1-py3-none-any.whl (73 kB)
Using cached httpcore-1.0.9-py3-none-any.whl (78 kB)
Downloading ruff-0.16.9-py3-none-manylinux_2_17_x86_64.manylinux2014_x86_64.whl (10.4 MB)
   ━━━━━━━━━━━━━━━━━━━━━━━━━━━━━━━━━━━━━━━━ 10.4/10.4 MB 183.3 MB/s eta 0:00:00
Using cached uvicorn-0.54.0-py3-none-any.whl (87 kB)
Downloading web3-7.16.0-py3-none-any.whl (1.4 MB)
   ━━━━━━━━━━━━━━━━━━━━━━━━━━━━━━━━━━━━━━━━ 1.4/1.4 MB 208.8 MB/s eta 0:00:00
Downloading aiohttp-3.14.3-cp312-cp312-manylinux2014_x86_64.manylinux_2_17_x86_64.manylinux_2_28_x86_64.whl (1.8 MB)
   ━━━━━━━━━━━━━━━━━━━━━━━━━━━━━━━━━━━━━━━━ 1.8/1.8 MB 229.5 MB/s eta 0:00:00
Using cached annotated_doc-0.0.5-py3-none-any.whl (5.3 kB)
Using cached click-8.5.0-py3-none-any.whl (125 kB)
Using cached eth_abi-6.0.0-py3-none-any.whl (53 kB)
Downloading eth_account-0.14.0-py3-none-any.whl (586 kB)
   ━━━━━━━━━━━━━━━━━━━━━━━━━━━━━━━━━━━━━━━ 586.3/586.3 kB 121.7 MB/s eta 0:00:00
Using cached eth_hash-0.8.0-py3-none-any.whl (8.0 kB)
Using cached eth_keys-0.8.0-py3-none-any.whl (20 kB)
Using cached eth_typing-6.0.0-py3-none-any.whl (19 kB)
Using cached eth_utils-6.0.0-py3-none-any.whl (102 kB)
Using cached h11-0.16.0-py3-none-any.whl (37 kB)
Using cached hexbytes-2.0.0-py3-none-any.whl (18 kB)
Downloading opentelemetry_api-1.45.0-py3-none-any.whl (60 kB)
   ━━━━━━━━━━━━━━━━━━━━━━━━━━━━━━━━━━━━━━━━ 60.0/60.0 kB 21.7 MB/s eta 0:00:00
Downloading py_evm-0.12.1b1-py3-none-any.whl (798 kB)
   ━━━━━━━━━━━━━━━━━━━━━━━━━━━━━━━━━━━━━━━ 798.6/798.6 kB 191.9 MB/s eta 0:00:00
Using cached pydantic-2.13.5-py3-none-any.whl (472 kB)
Using cached pydantic_core-2.46.5-cp312-cp312-manylinux_2_17_x86_64.manylinux2014_x86_64.whl (2.1 MB)
Downloading pyunormalize-18.0.0-py3-none-any.whl (78 kB)
   ━━━━━━━━━━━━━━━━━━━━━━━━━━━━━━━━━━━━━━━━ 78.3/78.3 kB 36.7 MB/s eta 0:00:00
Using cached requests-2.34.2-py3-none-any.whl (73 kB)
Using cached certifi-2026.7.22-py3-none-any.whl (136 kB)
Using cached idna-3.20-py3-none-any.whl (69 kB)
Using cached rlp-5.0.0-py3-none-any.whl (19 kB)
Downloading semantic_version-2.10.0-py2.py3-none-any.whl (15 kB)
Using cached starlette-1.7.0-py3-none-any.whl (78 kB)
Using cached anyio-4.15.1-py3-none-any.whl (132 kB)
Downloading types_requests-2.33.0.20260906-py3-none-any.whl (21 kB)
Using cached typing_extensions-4.16.0-py3-none-any.whl (45 kB)
Using cached typing_inspection-0.4.4-py3-none-any.whl (14 kB)
Downloading websockets-15.0.1-cp312-cp312-manylinux_2_5_x86_64.manylinux1_x86_64.manylinux_2_17_x86_64.manylinux2014_x86_64.whl (182 kB)
   ━━━━━━━━━━━━━━━━━━━━━━━━━━━━━━━━━━━━━━━━ 182.5/182.5 kB 63.4 MB/s eta 0:00:00
Downloading aiohappyeyeballs-2.7.1-py3-none-any.whl (15 kB)
Downloading aiosignal-1.4.0-py3-none-any.whl (7.5 kB)
Using cached annotated_types-0.8.0-py3-none-any.whl (13 kB)
Using cached attrs-26.1.0-py3-none-any.whl (67 kB)
Using cached bitarray-3.11.0-cp312-cp312-manylinux2014_x86_64.manylinux_2_17_x86_64.manylinux_2_28_x86_64.whl (387 kB)
Downloading cached_property-2.0.1-py3-none-any.whl (7.4 kB)
Downloading charset_normalizer-3.5.2-cp312-cp312-manylinux2014_x86_64.manylinux_2_17_x86_64.manylinux_2_28_x86_64.whl (257 kB)
   ━━━━━━━━━━━━━━━━━━━━━━━━━━━━━━━━━━━━━━━ 257.6/257.6 kB 115.3 MB/s eta 0:00:00
Using cached ckzg-2.1.8-cp312-cp312-manylinux2014_x86_64.manylinux_2_17_x86_64.manylinux_2_28_x86_64.whl (176 kB)
Using cached cytoolz-1.1.0-cp312-cp312-manylinux2014_x86_64.manylinux_2_17_x86_64.manylinux_2_28_x86_64.whl (2.9 MB)
Downloading eth_bloom-4.0.0-py3-none-any.whl (5.5 kB)
Downloading eth_keyfile-0.10.0-py3-none-any.whl (9.5 kB)
Using cached eth_rlp-3.0.0-py3-none-any.whl (15 kB)
Downloading frozenlist-1.8.0-cp312-cp312-manylinux1_x86_64.manylinux_2_28_x86_64.manylinux_2_5_x86_64.whl (242 kB)
   ━━━━━━━━━━━━━━━━━━━━━━━━━━━━━━━━━━━━━━━ 242.4/242.4 kB 107.5 MB/s eta 0:00:00
Downloading lru_dict-1.4.1-cp312-cp312-manylinux1_x86_64.manylinux_2_28_x86_64.manylinux_2_5_x86_64.whl (31 kB)
Downloading multidict-6.9.1-cp312-cp312-manylinux2014_x86_64.manylinux_2_17_x86_64.manylinux_2_28_x86_64.whl (336 kB)
   ━━━━━━━━━━━━━━━━━━━━━━━━━━━━━━━━━━━━━━━━ 336.9/336.9 kB 21.5 MB/s eta 0:00:00
Using cached parsimonious-0.10.0-py3-none-any.whl (48 kB)
Downloading propcache-0.5.4-cp312-cp312-manylinux2014_x86_64.manylinux_2_17_x86_64.manylinux_2_28_x86_64.whl (250 kB)
   ━━━━━━━━━━━━━━━━━━━━━━━━━━━━━━━━━━━━━━━ 250.4/250.4 kB 101.5 MB/s eta 0:00:00
Downloading py_ecc-8.0.0-py3-none-any.whl (47 kB)
   ━━━━━━━━━━━━━━━━━━━━━━━━━━━━━━━━━━━━━━━━ 47.8/47.8 kB 22.1 MB/s eta 0:00:00
Using cached pycryptodome-3.23.0-cp37-abi3-manylinux_2_17_x86_64.manylinux2014_x86_64.whl (2.3 MB)
Downloading safe_pysha3-1.0.5-cp312-cp312-manylinux2014_x86_64.manylinux_2_17_x86_64.manylinux_2_28_x86_64.whl (190 kB)
   ━━━━━━━━━━━━━━━━━━━━━━━━━━━━━━━━━━━━━━━━ 190.4/190.4 kB 82.3 MB/s eta 0:00:00
Downloading trie-4.0.0-py3-none-any.whl (41 kB)
   ━━━━━━━━━━━━━━━━━━━━━━━━━━━━━━━━━━━━━━━━ 41.5/41.5 kB 17.4 MB/s eta 0:00:00
Using cached urllib3-2.8.0-py3-none-any.whl (135 kB)
Downloading yarl-1.25.1-cp312-cp312-manylinux2014_x86_64.manylinux_2_17_x86_64.manylinux_2_28_x86_64.whl (117 kB)
   ━━━━━━━━━━━━━━━━━━━━━━━━━━━━━━━━━━━━━━━━ 117.0/117.0 kB 39.6 MB/s eta 0:00:00
Using cached regex-2026.9.29-cp312-cp312-manylinux2014_x86_64.manylinux_2_17_x86_64.manylinux_2_28_x86_64.whl (807 kB)
Downloading sortedcontainers-2.4.0-py2.py3-none-any.whl (29 kB)
Using cached toolz-1.1.0-py3-none-any.whl (58 kB)
Checking if build backend supports build_editable: started
Checking if build backend supports build_editable: finished with status 'done'
Building wheels for collected packages: economic-machine-commerce
  Building editable for economic-machine-commerce (pyproject.toml): started
  Building editable for economic-machine-commerce (pyproject.toml): finished with status 'done'
  Created wheel for economic-machine-commerce: filename=economic_machine_commerce-0.1.0-0.editable-py3-none-any.whl size=1593 sha256=9bafa88f06c0caf6107509506aab22a29f51ffe4635e20fcbeda7c705c140866
  Stored in directory: /tmp/pip-ephem-wheel-cache-r1ldwcfj/wheels/31/e2/eb/ac73845d27664d6ceeffc5346695f4097871c910074b1bd006
Successfully built economic-machine-commerce
Installing collected packages: sortedcontainers, safe-pysha3, ckzg, websockets, urllib3, typing-extensions, toolz, semantic_version, ruff, regex, pyunormalize, pycryptodome, propcache, multidict, lru-dict, idna, hexbytes, h11, frozenlist, eth-hash, click, charset_normalizer, certifi, cached-property, bitarray, attrs, annotated-types, annotated-doc, aiohappyeyeballs, yarl, uvicorn, typing-inspection, types-requests, requests, pydantic-core, parsimonious, opentelemetry-api, httpcore, eth-typing, cytoolz, anyio, aiosignal, starlette, pydantic, httpx, eth-bloom, aiohttp, fastapi, eth-utils, rlp, py-ecc, eth-keys, eth-abi, economic-machine-commerce, trie, eth-rlp, eth-keyfile, py-evm, eth-account, web3, eth-tester
Successfully installed aiohappyeyeballs-2.7.1 aiohttp-3.14.3 aiosignal-1.4.0 annotated-doc-0.0.5 annotated-types-0.8.0 anyio-4.15.1 attrs-26.1.0 bitarray-3.11.0 cached-property-2.0.1 certifi-2026.7.22 charset_normalizer-3.5.2 ckzg-2.1.8 click-8.5.0 cytoolz-1.1.0 economic-machine-commerce-0.1.0 eth-abi-6.0.0 eth-account-0.14.0 eth-bloom-4.0.0 eth-hash-0.8.0 eth-keyfile-0.10.0 eth-keys-0.8.0 eth-rlp-3.0.0 eth-tester-0.14.0b1 eth-typing-6.0.0 eth-utils-6.0.0 fastapi-0.142.2 frozenlist-1.8.0 h11-0.16.0 hexbytes-2.0.0 httpcore-1.0.9 httpx-0.28.1 idna-3.20 lru-dict-1.4.1 multidict-6.9.1 opentelemetry-api-1.45.0 parsimonious-0.10.0 propcache-0.5.4 py-ecc-8.0.0 py-evm-0.12.1b1 pycryptodome-3.23.0 pydantic-2.13.5 pydantic-core-2.46.5 pyunormalize-18.0.0 regex-2026.9.29 requests-2.34.2 rlp-5.0.0 ruff-0.16.9 safe-pysha3-1.0.5 semantic_version-2.10.0 sortedcontainers-2.4.0 starlette-1.7.0 toolz-1.1.0 trie-4.0.0 types-requests-2.33.0.20260906 typing-extensions-4.16.0 typing-inspection-0.4.4 urllib3-2.8.0 uvicorn-0.54.0 web3-7.16.0 websockets-15.0.1 yarl-1.25.1
