All checks passed!
test_empty_hot_path_is_known_zero (test_evaluation.EvaluationTests.test_empty_hot_path_is_known_zero) ... ok
test_exact_decimal_cost_and_startup_inclusive_savings (test_evaluation.EvaluationTests.test_exact_decimal_cost_and_startup_inclusive_savings) ... ok
test_intervals_do_not_claim_population_certainty (test_evaluation.EvaluationTests.test_intervals_do_not_claim_population_certainty) ... ok
test_invalid_usage_is_not_silently_counted (test_evaluation.EvaluationTests.test_invalid_usage_is_not_silently_counted) ... ok
test_late_valid_agreement_does_not_count_as_success (test_evaluation.EvaluationTests.test_late_valid_agreement_does_not_count_as_success) ... ok
test_missing_usage_is_not_free_including_failed_attempts (test_evaluation.EvaluationTests.test_missing_usage_is_not_free_including_failed_attempts) ... ok
test_only_final_json_can_be_executed (test_evaluation.EvaluationTests.test_only_final_json_can_be_executed) ... ok
test_paired_exact_test_and_no_improvement_baseline (test_evaluation.EvaluationTests.test_paired_exact_test_and_no_improvement_baseline) ... ok

----------------------------------------------------------------------
Ran 8 tests in 0.001s

OK
/srv/skew/economic-machine-commerce-20261002/.venv/lib/python3.12/site-packages/fastapi/testclient.py:1: StarletteDeprecationWarning: Using `httpx` with `starlette.testclient` is deprecated; install `httpx2` instead.
  from starlette.testclient import TestClient as TestClient  # noqa
test_budget_cap_blocks_before_transmitting (test_qwen_comparison.MeterTests.test_budget_cap_blocks_before_transmitting) ... ok
test_output_truncation_still_counts_charged_tokens (test_qwen_comparison.MeterTests.test_output_truncation_still_counts_charged_tokens) ... ok
test_real_protocol_usage_fields_are_saved_without_secrets (test_qwen_comparison.MeterTests.test_real_protocol_usage_fields_are_saved_without_secrets) ... ok
test_request_cap_blocks_before_transmitting (test_qwen_comparison.MeterTests.test_request_cap_blocks_before_transmitting) ... ok
test_transport_failure_keeps_unknown_billing (test_qwen_comparison.MeterTests.test_transport_failure_keeps_unknown_billing) ... ok
test_predefined_constraints_have_24_of_32_feasible_events (test_qwen_comparison.WorkloadTests.test_predefined_constraints_have_24_of_32_feasible_events) ... ok

----------------------------------------------------------------------
Ran 6 tests in 0.127s

OK
