{
  "passed": true,
  "protocol_hash": "2f0dcd27a04a3d54e61003990dd28fc926edb4cb5048ec21101cd5773f6d98fd",
  "source_snapshots": 13,
  "independent_policy_predicate": true,
  "provider_calls_verified": 17,
  "records_verified": 48,
  "unique_test_token_payments": 24,
  "all_payment_balances_reconciled": true,
  "counts": {
    "direct_qwen": {
      "eligible": 12,
      "primary_success": 0
    },
    "direct_code": {
      "eligible": 12,
      "primary_success": 12
    },
    "machine": {
      "eligible": 12,
      "primary_success": 12
    }
  },
  "public_customer_conversion_proven": false
}
{
  "checks": [
    {
      "case": "corrupt_billing",
      "rejected": true
    },
    {
      "case": "corrupt_choice",
      "rejected": true
    },
    {
      "case": "corrupt_balances",
      "rejected": true
    },
    {
      "case": "corrupt_source",
      "rejected": true
    }
  ],
  "passed": 4,
  "original_evidence_unchanged": true
}
